
[1m[44m DEV [49m[22m [34mv4.0.18 [39m[90mE:/perc[39m

[90mstdout[2m | src/vm/builtins_methods.test.ts[2m > [22m[2mPerC Built-in Methods[2m > [22m[2mshould support list pop
[22m[39m[Trace] IP: 0, Op: push Empty
[Trace] IP: 1, Op: new_array Top: 10
[Trace] IP: 2, Op: init Top: [list@1]
[Trace] IP: 3, Op: load Empty
[Trace] IP: 4, Op: member_load Top: [list@2]
[Trace] IP: 5, Op: call Top: <native method pop>
[Trace] IP: 5, Op: call Top: 10
Call failed: func is perc_number { buffer: Float64Array(1) [ [33m10[39m ], type: [32m'f64'[39m }
func type: f64
func constr: perc_number
Is native? [33mfalse[39m

stderr | src/vm/builtins_methods.test.ts > PerC Built-in Methods > should support list pop
Object is not callable

 [31mΓ¥»[39m src/vm/builtins_methods.test.ts [2m([22m[2m5 tests[22m[2m | [22m[31m1 failed[39m[2m | [22m[33m4 skipped[39m[2m)[22m[32m 6[2mms[22m[39m
     [2m[90mΓåô[39m[22m should support list methods: push, pop, len
[31m     [31m├ù[31m should support list pop[39m[32m 5[2mms[22m[39m
     [2m[90mΓåô[39m[22m should support map methods: keys, values, len
     [2m[90mΓåô[39m[22m should support range()
     [2m[90mΓåô[39m[22m should support string methods: upper, len

ΓÄ»ΓÄ»ΓÄ»ΓÄ»ΓÄ»ΓÄ»ΓÄ» Failed Tests 1 ΓÄ»ΓÄ»ΓÄ»ΓÄ»ΓÄ»ΓÄ»ΓÄ»

 FAIL  src/vm/builtins_methods.test.ts > PerC Built-in Methods > should support list pop
AssertionError: expected undefined to be '10' // Object.is equality

- Expected: 
"10"

+ Received: 
undefined

 Γ¥» src/vm/builtins_methods.test.ts:56:34
     54|         ];
     55|         const res = runVM(code);
     56|         expect(res?.to_string()).toBe("10");
       |                                  ^
     57|     });
     58| 

ΓÄ»ΓÄ»ΓÄ»ΓÄ»ΓÄ»ΓÄ»ΓÄ»ΓÄ»ΓÄ»ΓÄ»ΓÄ»ΓÄ»ΓÄ»ΓÄ»ΓÄ»ΓÄ»ΓÄ»ΓÄ»ΓÄ»ΓÄ»ΓÄ»ΓÄ»ΓÄ»ΓÄ»[1/1]ΓÄ»


[2m Test Files [22m [1m[31m1 failed[39m[22m[90m (1)[39m
[2m      Tests [22m [1m[31m1 failed[39m[22m[2m | [22m[33m4 skipped[39m[90m (5)[39m
[2m   Start at [22m 16:05:03
[2m   Duration [22m 595ms[2m (transform 89ms, setup 0ms, import 109ms, tests 6ms, environment 389ms)[22m

[1m[41m FAIL [49m[22m [31mTests failed. Watching for file changes...[39m
       [2mpress [22m[1mh[22m[2m to show help[22m[2m, [22m[2mpress [22m[1mq[22m[2m to quit[22m
c[3J[1m[44m RERUN [49m[22m [34m[2msrc/vm/index.ts [22m[34mx1 [34m[39m
       [2m Filename pattern: [22m[34msrc/vm/builtins_methods.test.ts[39m
       [2m Test name pattern: [22m[34m/should support list pop/[39m

[90mstdout[2m | src/vm/builtins_methods.test.ts[2m > [22m[2mPerC Built-in Methods[2m > [22m[2mshould support list pop
[22m[39m[Trace] IP: 0, Op: push Empty
[Trace] IP: 1, Op: new_array Top: 10
[Trace] IP: 2, Op: init Top: [list@1]
[Trace] IP: 3, Op: load Empty
[Trace] IP: 4, Op: member_load Top: [list@2]
[Trace] IP: 5, Op: call Top: <native method pop>

 [32mΓ£ô[39m src/vm/builtins_methods.test.ts [2m([22m[2m5 tests[22m[2m | [22m[33m4 skipped[39m[2m)[22m[32m 3[2mms[22m[39m

[2m Test Files [22m [1m[32m1 passed[39m[22m[90m (1)[39m
[2m      Tests [22m [1m[32m1 passed[39m[22m[2m | [22m[33m4 skipped[39m[90m (5)[39m
[2m   Start at [22m 16:05:28
[2m   Duration [22m 39ms

[1m[42m PASS [49m[22m [32mWaiting for file changes...[39m
       [2mpress [22m[1mh[22m[2m to show help[22m[2m, [22m[2mpress [22m[1mq[22m[2m to quit[22m
c[3J[1m[44m RERUN [49m[22m [34m[2msrc/vm/index.ts [22m[34mx2 [34m[39m
       [2m Filename pattern: [22m[34msrc/vm/builtins_methods.test.ts[39m
       [2m Test name pattern: [22m[34m/should support list pop/[39m

 [32mΓ£ô[39m src/vm/builtins_methods.test.ts [2m([22m[2m5 tests[22m[2m | [22m[33m4 skipped[39m[2m)[22m[32m 2[2mms[22m[39m

[2m Test Files [22m [1m[32m1 passed[39m[22m[90m (1)[39m
[2m      Tests [22m [1m[32m1 passed[39m[22m[2m | [22m[33m4 skipped[39m[90m (5)[39m
[2m   Start at [22m 16:05:45
[2m   Duration [22m 36ms

[1m[42m PASS [49m[22m [32mWaiting for file changes...[39m
       [2mpress [22m[1mh[22m[2m to show help[22m[2m, [22m[2mpress [22m[1mq[22m[2m to quit[22m
c[3J[1m[44m RERUN [49m[22m [34m[2msrc/vm/index.ts [22m[34mx3 [34m[39m
       [2m Filename pattern: [22m[34msrc/vm/builtins_methods.test.ts[39m
       [2m Test name pattern: [22m[34m/should support list pop/[39m

[90mstdout[2m | src/vm/builtins_methods.test.ts[2m > [22m[2mPerC Built-in Methods[2m > [22m[2mshould support list pop
[22m[39m[Trace] IP: 0, Op: push Empty
[Trace] IP: 1, Op: new_array Top: 10
[Trace] IP: 2, Op: init Top: [list@1]
[Trace] IP: 3, Op: load Empty
[Trace] IP: 4, Op: member_load Top: [list@2]
[Trace] IP: 5, Op: call Top: <native method pop>

 [32mΓ£ô[39m src/vm/builtins_methods.test.ts [2m([22m[2m5 tests[22m[2m | [22m[33m4 skipped[39m[2m)[22m[32m 3[2mms[22m[39m

[2m Test Files [22m [1m[32m1 passed[39m[22m[90m (1)[39m
[2m      Tests [22m [1m[32m1 passed[39m[22m[2m | [22m[33m4 skipped[39m[90m (5)[39m
[2m   Start at [22m 16:06:32
[2m   Duration [22m 32ms

[1m[42m PASS [49m[22m [32mWaiting for file changes...[39m
       [2mpress [22m[1mh[22m[2m to show help[22m[2m, [22m[2mpress [22m[1mq[22m[2m to quit[22m
c[3J[1m[44m RERUN [49m[22m [34m[2msrc/vm/index.ts [22m[34mx4 [34m[39m
       [2m Filename pattern: [22m[34msrc/vm/builtins_methods.test.ts[39m
       [2m Test name pattern: [22m[34m/should support list pop/[39m

4:07:40 PM [vite] (client) warning: This case clause will never be evaluated because it duplicates an earlier case clause
412 |                          break;
413 |                      case 'call':
414 |                      case 'call':
    |                           ^
415 |                          if (this.stack.length < op.nargs + 1) {
416 |                              this.return_error(new perc_err("Stack underflow in call"));

  Plugin: vite:esbuild
  File: E:/perc/src/vm/index.ts
[90mstdout[2m | src/vm/builtins_methods.test.ts[2m > [22m[2mPerC Built-in Methods[2m > [22m[2mshould support list pop
[22m[39m[Trace] IP: 0, Op: push Empty
[Trace] IP: 1, Op: new_array Top: 10
[Trace] IP: 2, Op: init Top: [list@1]
[Trace] IP: 3, Op: load Empty
[Trace] IP: 4, Op: member_load Top: [list@2]
[Trace] IP: 5, Op: call Top: <native method pop>

 [32mΓ£ô[39m src/vm/builtins_methods.test.ts [2m([22m[2m5 tests[22m[2m | [22m[33m4 skipped[39m[2m)[22m[32m 3[2mms[22m[39m

[2m Test Files [22m [1m[32m1 passed[39m[22m[90m (1)[39m
[2m      Tests [22m [1m[32m1 passed[39m[22m[2m | [22m[33m4 skipped[39m[90m (5)[39m
[2m   Start at [22m 16:07:39
[2m   Duration [22m 47ms

[1m[42m PASS [49m[22m [32mWaiting for file changes...[39m
       [2mpress [22m[1mh[22m[2m to show help[22m[2m, [22m[2mpress [22m[1mq[22m[2m to quit[22m
c[3J[1m[44m RERUN [49m[22m [34m[2msrc/vm/index.ts [22m[34mx5 [34m[39m
       [2m Filename pattern: [22m[34msrc/vm/builtins_methods.test.ts[39m
       [2m Test name pattern: [22m[34m/should support list pop/[39m

[90mstdout[2m | src/vm/builtins_methods.test.ts[2m > [22m[2mPerC Built-in Methods[2m > [22m[2mshould support list pop
[22m[39m[Trace] IP: 0, Op: push Empty
[Trace] IP: 1, Op: new_array Top: 10
[Trace] IP: 2, Op: init Top: [list@1]
[Trace] IP: 3, Op: load Empty
[Trace] IP: 4, Op: member_load Top: [list@2]
[Trace] IP: 5, Op: call Top: <native method pop>

 [32mΓ£ô[39m src/vm/builtins_methods.test.ts [2m([22m[2m5 tests[22m[2m | [22m[33m4 skipped[39m[2m)[22m[32m 3[2mms[22m[39m

[2m Test Files [22m [1m[32m1 passed[39m[22m[90m (1)[39m
[2m      Tests [22m [1m[32m1 passed[39m[22m[2m | [22m[33m4 skipped[39m[90m (5)[39m
[2m   Start at [22m 16:07:47
[2m   Duration [22m 34ms

[1m[42m PASS [49m[22m [32mWaiting for file changes...[39m
       [2mpress [22m[1mh[22m[2m to show help[22m[2m, [22m[2mpress [22m[1mq[22m[2m to quit[22m
c[3J[1m[44m RERUN [49m[22m [34m[2msrc/vm/index.ts [22m[34mx6 [34m[39m
       [2m Filename pattern: [22m[34msrc/vm/builtins_methods.test.ts[39m
       [2m Test name pattern: [22m[34m/should support list pop/[39m

 [32mΓ£ô[39m src/vm/builtins_methods.test.ts [2m([22m[2m5 tests[22m[2m | [22m[33m4 skipped[39m[2m)[22m[32m 2[2mms[22m[39m

[2m Test Files [22m [1m[32m1 passed[39m[22m[90m (1)[39m
[2m      Tests [22m [1m[32m1 passed[39m[22m[2m | [22m[33m4 skipped[39m[90m (5)[39m
[2m   Start at [22m 16:08:23
[2m   Duration [22m 32ms

[1m[42m PASS [49m[22m [32mWaiting for file changes...[39m
       [2mpress [22m[1mh[22m[2m to show help[22m[2m, [22m[2mpress [22m[1mq[22m[2m to quit[22m
c[3J[1m[44m RERUN [49m[22m [34m[2msrc/vm/index.ts [22m[34mx7 [34m[39m
       [2m Filename pattern: [22m[34msrc/vm/builtins_methods.test.ts[39m
       [2m Test name pattern: [22m[34m/should support list pop/[39m

 [32mΓ£ô[39m src/vm/builtins_methods.test.ts [2m([22m[2m5 tests[22m[2m | [22m[33m4 skipped[39m[2m)[22m[32m 2[2mms[22m[39m

[2m Test Files [22m [1m[32m1 passed[39m[22m[90m (1)[39m
[2m      Tests [22m [1m[32m1 passed[39m[22m[2m | [22m[33m4 skipped[39m[90m (5)[39m
[2m   Start at [22m 16:08:33
[2m   Duration [22m 32ms

[1m[42m PASS [49m[22m [32mWaiting for file changes...[39m
       [2mpress [22m[1mh[22m[2m to show help[22m[2m, [22m[2mpress [22m[1mq[22m[2m to quit[22m
c[3J[1m[44m RERUN [49m[22m [34m[2msrc/vm/builtins.ts [22m[34mx8 [34m[39m
       [2m Filename pattern: [22m[34msrc/vm/builtins_methods.test.ts[39m
       [2m Test name pattern: [22m[34m/should support list pop/[39m

 [32mΓ£ô[39m src/vm/builtins_methods.test.ts [2m([22m[2m5 tests[22m[2m | [22m[33m4 skipped[39m[2m)[22m[32m 2[2mms[22m[39m

[2m Test Files [22m [1m[32m1 passed[39m[22m[90m (1)[39m
[2m      Tests [22m [1m[32m1 passed[39m[22m[2m | [22m[33m4 skipped[39m[90m (5)[39m
[2m   Start at [22m 16:08:34
[2m   Duration [22m 25ms

[1m[42m PASS [49m[22m [32mWaiting for file changes...[39m
       [2mpress [22m[1mh[22m[2m to show help[22m[2m, [22m[2mpress [22m[1mq[22m[2m to quit[22m
c[3J[1m[44m RERUN [49m[22m [34m[2msrc/vm/perc_types.ts [22m[34mx9 [34m[39m
       [2m Filename pattern: [22m[34msrc/vm/builtins_methods.test.ts[39m
       [2m Test name pattern: [22m[34m/should support list pop/[39m

 [32mΓ£ô[39m src/vm/builtins_methods.test.ts [2m([22m[2m5 tests[22m[2m | [22m[33m4 skipped[39m[2m)[22m[32m 2[2mms[22m[39m

[2m Test Files [22m [1m[32m1 passed[39m[22m[90m (1)[39m
[2m      Tests [22m [1m[32m1 passed[39m[22m[2m | [22m[33m4 skipped[39m[90m (5)[39m
[2m   Start at [22m 16:09:07
[2m   Duration [22m 29ms

[1m[42m PASS [49m[22m [32mWaiting for file changes...[39m
       [2mpress [22m[1mh[22m[2m to show help[22m[2m, [22m[2mpress [22m[1mq[22m[2m to quit[22m
c[3J[1m[44m RERUN [49m[22m [34m[2msrc/vm/index.ts [22m[34mx10 [34m[39m
       [2m Filename pattern: [22m[34msrc/vm/builtins_methods.test.ts[39m
       [2m Test name pattern: [22m[34m/should support list pop/[39m

 [32mΓ£ô[39m src/vm/builtins_methods.test.ts [2m([22m[2m5 tests[22m[2m | [22m[33m4 skipped[39m[2m)[22m[32m 2[2mms[22m[39m

[2m Test Files [22m [1m[32m1 passed[39m[22m[90m (1)[39m
[2m      Tests [22m [1m[32m1 passed[39m[22m[2m | [22m[33m4 skipped[39m[90m (5)[39m
[2m   Start at [22m 16:09:20
[2m   Duration [22m 31ms

[1m[42m PASS [49m[22m [32mWaiting for file changes...[39m
       [2mpress [22m[1mh[22m[2m to show help[22m[2m, [22m[2mpress [22m[1mq[22m[2m to quit[22m
[33mTest removed...[39m[2m [ src/vm/builtins_methods.test.ts ]
[22m
[1m[35m
Restarting due to config changes...[39m[22m

[1m[44m DEV [49m[22m [34mv4.0.18 [39m[90mE:/perc[39m

[31mNo test files found. You can change the file name pattern by pressing "p"
[39m
filter: src/vm/builtins_methods.test.ts
include: **/*.{test,spec}.?(c|m)[jt]s?(x)
exclude:  **/node_modules/**, **/.git/**

file:///E:/perc/node_modules/vitest/dist/chunks/cli-api.B7PN_QUv.js:12497
				if (!this.config.watch || !(this.config.changed || this.config.related?.length)) throw new FilesNotFoundError(this.mode);
				                                                                                       ^

FilesNotFoundError: No test files found
    at file:///E:/perc/node_modules/vitest/dist/chunks/cli-api.B7PN_QUv.js:12497:92 {
  code: 'VITEST_FILES_NOT_FOUND'
}

Node.js v25.2.1
